
/home/chuckj/vdk/trunk/mcsg/examples/arc700_demos/graphics_pipeline/code/grmain/grmain:     file format elf32-little

Sections:
Idx Name          Size      VMA       LMA       File off  Algn
  0 .init         00000012  000001b4  000001b4  000001b4  2**0
                  CONTENTS, ALLOC, LOAD, READONLY, CODE
  1 .text         00010600  000001c8  000001c8  000001c8  2**2
                  CONTENTS, ALLOC, LOAD, READONLY, CODE
  2 .fini         0000000e  000107c8  000107c8  000107c8  2**0
                  CONTENTS, ALLOC, LOAD, READONLY, CODE
  3 .rodata       00000f54  000107d8  000107d8  000107d8  2**2
                  CONTENTS, ALLOC, LOAD, READONLY, DATA
  4 .data         00004a14  00012800  00012800  00011800  2**8
                  CONTENTS, ALLOC, LOAD, DATA
  5 .ctors        00000008  00017214  00017214  00016214  2**2
                  CONTENTS, ALLOC, LOAD, DATA
  6 .dtors        00000008  0001721c  0001721c  0001621c  2**2
                  CONTENTS, ALLOC, LOAD, DATA
  7 .jcr          00000004  00017224  00017224  00016224  2**2
                  CONTENTS, ALLOC, LOAD, DATA
  8 .sdata        00000038  00017228  00017228  00016228  2**2
                  CONTENTS, ALLOC, LOAD, DATA
  9 .sbss         00000038  00017260  00017260  00016260  2**2
                  ALLOC
 10 .bss          000003b8  00017298  00017298  00016260  2**2
                  ALLOC
 11 .heap         00040000  00017650  00017650  00016260  2**0
                  ALLOC
 12 .stack        00004000  00057650  00057650  00016260  2**0
                  ALLOC
 13 .comment      00002328  00000000  00000000  00059430  2**0
                  CONTENTS, READONLY
 14 .arcextmap    0000016b  00000000  00000000  0005b758  2**0
                  CONTENTS, READONLY
 15 .debug_aranges 000009e0  00000000  00000000  0005b8c3  2**0
                  CONTENTS, READONLY, DEBUGGING
 16 .debug_pubnames 00001b77  00000000  00000000  0005c2a3  2**0
                  CONTENTS, READONLY, DEBUGGING
 17 .debug_info   00022572  00000000  00000000  0005de1a  2**0
                  CONTENTS, READONLY, DEBUGGING
 18 .debug_abbrev 000063f2  00000000  00000000  0008038c  2**0
                  CONTENTS, READONLY, DEBUGGING
 19 .debug_line   0000d46d  00000000  00000000  0008677e  2**0
                  CONTENTS, READONLY, DEBUGGING
 20 .debug_frame  00003f54  00000000  00000000  00093bec  2**2
                  CONTENTS, READONLY, DEBUGGING
 21 .debug_str    00002310  00000000  00000000  00097b40  2**0
                  CONTENTS, READONLY, DEBUGGING
 22 .debug_loc    0000e8bc  00000000  00000000  00099e50  2**0
                  CONTENTS, READONLY, DEBUGGING
 23 .grcmd_pool   00010010  00e00008  00e00008  00017008  2**2
                  ALLOC
 24 .raster_pool  00031850  00e10018  00e10018  00027018  2**2
                  ALLOC
 25 .zbarrier     00000010  00e41868  00e41868  00058868  2**3
                  ALLOC
 26 .render_channel0 00000210  02000010  02000010  00059010  2**2
                  ALLOC
 27 .render_channel1 00000210  02000220  02000220  00059220  2**2
                  ALLOC
 28 .debug_ranges 00000650  02000430  02000430  000a870c  2**0
                  CONTENTS, READONLY, DEBUGGING
